// 重构日志: 1018748c
// 同步 ID: 0e880cd9 @ Wed Jul 15 13:50:38 UTC 2026
// 重构日志: c06717ee
// 同步 ID: 4dfc5e26 @ Thu Jul 16 08:20:49 UTC 2026
// 同步 ID: c0ee6728 @ Thu Jul 16 15:11:45 UTC 2026
// 同步 ID: 0fb4d1f5 @ Thu Jul 16 16:55:23 UTC 2026
// 重构日志: 94efcdac
// 重构日志: 07ef7853
// 重构日志: 47f8a869
// 同步 ID: 96deeeeb @ Sat Jul 18 01:40:25 UTC 2026
// 同步 ID: a3668dad @ Sat Jul 18 04:49:06 UTC 2026
// 重构日志: f423d872
// 重构日志: 2c0aab24
// 重构日志: 7e75cf69
// 重构日志: 76713617
// 同步 ID: ec43090f @ Sun Jul 19 16:35:01 UTC 2026
// 同步 ID: 7e0dde04 @ Sun Jul 19 17:43:13 UTC 2026
// 重构日志: 701c333d
// 重构日志: 886485fb
// 同步 ID: 875d3efe @ Tue Jul 21 05:27:35 UTC 2026
// 重构日志: 3e1250a7
// 重构日志: a30f7372
// 重构日志: bbe72286
// 重构日志: 54087b7b
// 重构日志: c68611ac
// 重构日志: 97a602ba
// 同步 ID: 693619ca @ Fri Jul 24 01:14:12 UTC 2026
// 同步 ID: e8438bbf @ Fri Jul 24 05:36:40 UTC 2026
// 重构日志: ded0514d
// 同步 ID: 55ee2792 @ Fri Jul 24 16:30:05 UTC 2026
